Microchip MPLAB XC8 Compiler V2.05 ()

Linker command line:

-W-3 --edf=C:\Program Files (x86)\Microchip\xc8\v2.05\pic\dat\en_msgs.txt \
  -cs -h+dist/default/production\lcdDisp.X.production.sym \
  --cmf=dist/default/production\lcdDisp.X.production.cmf -z -Q16F877A \
  -oC:\Users\HEISEN~1\AppData\Local\Temp\sltg.2 --defsym=__MPLAB_BUILD=1 \
  -Mdist/default/production/lcdDisp.X.production.map -E1 -ver=XC8 \
  --acfsm=1493 -ASTACK=0110h-016Fh -pstack=STACK -ACODE=00h-07FFhx4 \
  -ASTRCODE=00h-01FFFh -ASTRING=00h-0FFhx32 -ACONST=00h-0FFhx32 \
  -AENTRY=00h-0FFhx32 -ACOMMON=070h-07Fh -ABANK0=020h-06Fh \
  -ABANK1=0A0h-0EFh -ABANK2=0110h-016Fh -ABANK3=0190h-01EFh \
  -ARAM=020h-06Fh,0A0h-0EFh,0110h-016Fh,0190h-01EFh \
  -AABS1=020h-07Fh,0A0h-0EFh,0110h-016Fh,0190h-01EFh -ASFR0=00h-01Fh \
  -ASFR1=080h-09Fh -ASFR2=0100h-010Fh -ASFR3=0180h-018Fh \
  -preset_vec=00h,intentry=04h,init,end_init -ppowerup=CODE -pcinit=CODE \
  -pfunctab=ENTRY -ACONFIG=02007h-02007h -pconfig=CONFIG -DCONFIG=2 \
  -AIDLOC=02000h-02003h -pidloc=IDLOC -DIDLOC=2 -AEEDATA=00h-0FFh/02100h \
  -peeprom_data=EEDATA -DEEDATA=2 -DCODE=2 -DSTRCODE=2 -DSTRING=2 -DCONST=2 \
  -DENTRY=2 -k C:\Users\HEISEN~1\AppData\Local\Temp\sltg.o \
  dist/default/production\lcdDisp.X.production.o 

Object code version is 3.11

Machine type is 16F877A



                Name                               Link     Load   Length Selector   Space Scale
C:\Users\HEISEN~1\AppData\Local\Temp\sltg.o
                end_init                             16       16        3        8       0
                reset_vec                             0        0        3        0       0
dist/default/production\lcdDisp.X.production.o
                cinit                                19       19       11        8       0
                intentry                              4        4       12        8       0
                text38                              596      596      25B        8       0
                text37                             1D1E     1D1E       48     3A3C       0
                text36                             1147     1147       93     228E       0
                text35                             1ABA     1ABA        9     3574       0
                text34                             15D1     15D1      22F     2BA2       0
                text33                             1B4E     1B4E       22     369C       0
                text32                             10DA     10DA       6D     21B4       0
                text31                             1F41     1F41       5E     3E82       0
                text30                             1DFB     1DFB       4C     3BF6       0
                text29                             1B2D     1B2D       21     365A       0
                text28                             11DA     11DA       A3     23B4       0
                text27                             1326     1326       AA     264C       0
                text26                             127D     127D       A9     24FA       0
                text25                             1B70     1B70       23     36E0       0
                text24                              9A2      9A2      315     1344       0
                text23                             1C62     1C62       3C     38C4       0
                text22                             1BC1     1BC1       32     3782       0
                text21                             13D0     13D0      201     27A0       0
                text20                             1EE6     1EE6       5B     3DCC       0
                text19                             1DB0     1DB0       4B     3B60       0
                text18                              CB7      CB7      349     196E       0
                text17                               2A       2A      56C        8       0
                text16                             1AD9     1AD9       1A     35B2       0
                text15                             1AF3     1AF3       1A     35E6       0
                text14                             1AC3     1AC3        B     3586       0
                text13                             1D66     1D66       4A     3ACC       0
                text12                             1C29     1C29       39     3852       0
                text11                             1C9E     1C9E       3D     393C       0
                text10                              800      800      1A2     1000       0
                text9                              1ACE     1ACE        B     359C       0
                text8                               7F1      7F1        C        8       0
                text7                              1B93     1B93       2E     3726       0
                text6                              1B0D     1B0D       20     361A       0
                text5                              10CF     10CF        B     219E       0
                text4                              1F9F     1F9F       61     3F3E       0
                text3                              1E96     1E96       50     3D2C       0
                text2                              1CDB     1CDB       43     39B6       0
                text1                              1E47     1E47       4F     3C8E       0
                maintext                           1BF3     1BF3       36     37E6       0
                cstackBANK0                          20       20       4E       20       1
                cstackCOMMON                         70       70        E       70       1
                cstackBANK1                          A0       A0       2F       A0       1
                cstackBANK3                         190      190       32      190       1
                bssBANK3                            1C2      1C2        5      190       1
                bssBANK1                             CF       CF        4       A0       1
                strings                            1000     1000       C8     2000       0

TOTAL           Name                               Link     Load   Length     Space
        CLASS   STACK          

        CLASS   CODE           
                end_init                             16       16        3         0
                cinit                                19       19       11         0
                intentry                              4        4       12         0
                reset_vec                             0        0        3         0
                text38                              596      596      25B         0
                text37                             1D1E     1D1E       48         0
                text36                             1147     1147       93         0
                text35                             1ABA     1ABA        9         0
                text34                             15D1     15D1      22F         0
                text33                             1B4E     1B4E       22         0
                text32                             10DA     10DA       6D         0
                text31                             1F41     1F41       5E         0
                text30                             1DFB     1DFB       4C         0
                text29                             1B2D     1B2D       21         0
                text28                             11DA     11DA       A3         0
                text27                             1326     1326       AA         0
                text26                             127D     127D       A9         0
                text25                             1B70     1B70       23         0
                text24                              9A2      9A2      315         0
                text23                             1C62     1C62       3C         0
                text22                             1BC1     1BC1       32         0
                text21                             13D0     13D0      201         0
                text20                             1EE6     1EE6       5B         0
                text19                             1DB0     1DB0       4B         0
                text18                              CB7      CB7      349         0
                text17                               2A       2A      56C         0
                text16                             1AD9     1AD9       1A         0
                text15                             1AF3     1AF3       1A         0
                text14                             1AC3     1AC3        B         0
                text13                             1D66     1D66       4A         0
                text12                             1C29     1C29       39         0
                text11                             1C9E     1C9E       3D         0
                text10                              800      800      1A2         0
                text9                              1ACE     1ACE        B         0
                text8                               7F1      7F1        C         0
                text7                              1B93     1B93       2E         0
                text6                              1B0D     1B0D       20         0
                text5                              10CF     10CF        B         0
                text4                              1F9F     1F9F       61         0
                text3                              1E96     1E96       50         0
                text2                              1CDB     1CDB       43         0
                text1                              1E47     1E47       4F         0
                maintext                           1BF3     1BF3       36         0

        CLASS   STRCODE        

        CLASS   STRING         
                strings                            1000     1000       C8         0

        CLASS   CONST          

        CLASS   ENTRY          

        CLASS   COMMON         
                cstackCOMMON                         70       70        E         1

        CLASS   BANK0          
                cstackBANK0                          20       20       4E         1

        CLASS   BANK1          
                cstackBANK1                          A0       A0       2F         1
                bssBANK1                             CF       CF        4         1

        CLASS   BANK2          

        CLASS   BANK3          
                cstackBANK3                         190      190       32         1
                bssBANK3                            1C2      1C2        5         1

        CLASS   RAM            

        CLASS   ABS1           
                abs_s1                               7E       7E        2         1

        CLASS   SFR0           

        CLASS   SFR1           

        CLASS   SFR2           

        CLASS   SFR3           

        CLASS   CONFIG         

        CLASS   IDLOC          

        CLASS   EEDATA         



SEGMENTS        Name                           Load    Length   Top    Selector   Space  Class     Delta

                reset_vec                      000000  000003  000003         0       0  CODE        2
                intentry                       000004  0007F9  0007FD         8       0  CODE        2
                cstackBANK0                    000020  00004E  00006E        20       1  BANK0       1
                cstackCOMMON                   000070  00000E  00007E        70       1  COMMON      1
                cstackBANK1                    0000A0  000033  0000D3        A0       1  BANK1       1
                cstackBANK3                    000190  000037  0001C7       190       1  BANK3       1
                text10                         000800  0001A2  0009A2      1000       0  CODE        2
                text24                         0009A2  000315  000CB7      1344       0  CODE        2
                text18                         000CB7  000349  001000      196E       0  CODE        2
                strings                        001000  0000C8  0010C8      2000       0  STRING      2
                text5                          0010CF  00000B  0010DA      219E       0  CODE        2
                text32                         0010DA  00006D  001147      21B4       0  CODE        2
                text36                         001147  000093  0011DA      228E       0  CODE        2
                text28                         0011DA  0000A3  00127D      23B4       0  CODE        2
                text26                         00127D  0000A9  001326      24FA       0  CODE        2
                text27                         001326  0000AA  0013D0      264C       0  CODE        2
                text21                         0013D0  000201  0015D1      27A0       0  CODE        2
                text34                         0015D1  00022F  001800      2BA2       0  CODE        2
                text35                         001ABA  000009  001AC3      3574       0  CODE        2
                text14                         001AC3  00000B  001ACE      3586       0  CODE        2
                text9                          001ACE  00000B  001AD9      359C       0  CODE        2
                text16                         001AD9  00001A  001AF3      35B2       0  CODE        2
                text15                         001AF3  00001A  001B0D      35E6       0  CODE        2
                text6                          001B0D  000020  001B2D      361A       0  CODE        2
                text29                         001B2D  000021  001B4E      365A       0  CODE        2
                text33                         001B4E  000022  001B70      369C       0  CODE        2
                text25                         001B70  000023  001B93      36E0       0  CODE        2
                text7                          001B93  00002E  001BC1      3726       0  CODE        2
                text22                         001BC1  000032  001BF3      3782       0  CODE        2
                maintext                       001BF3  000036  001C29      37E6       0  CODE        2
                text12                         001C29  000039  001C62      3852       0  CODE        2
                text23                         001C62  00003C  001C9E      38C4       0  CODE        2
                text11                         001C9E  00003D  001CDB      393C       0  CODE        2
                text2                          001CDB  000043  001D1E      39B6       0  CODE        2
                text37                         001D1E  000048  001D66      3A3C       0  CODE        2
                text13                         001D66  00004A  001DB0      3ACC       0  CODE        2
                text19                         001DB0  00004B  001DFB      3B60       0  CODE        2
                text30                         001DFB  00004C  001E47      3BF6       0  CODE        2
                text1                          001E47  00004F  001E96      3C8E       0  CODE        2
                text3                          001E96  000050  001EE6      3D2C       0  CODE        2
                text20                         001EE6  00005B  001F41      3DCC       0  CODE        2
                text31                         001F41  00005E  001F9F      3E82       0  CODE        2
                text4                          001F9F  000061  002000      3F3E       0  CODE        2


UNUSED ADDRESS RANGES

        Name                Unused          Largest block    Delta
        BANK0            006E-006F              2           1
        BANK1            00D3-00EF             1D           1
        BANK2            0110-016F             60           1
        BANK3            01C7-01EF             29           1
        CODE             0003-0003              1           2
                         07FD-07FF              3
                         10C8-10CE              7
                         1800-1AB9            2BA
        CONFIG           2007-2007              1           2
        CONST            0003-0003              1           2
                         07FD-07FF              3
                         10C8-10CE              7
                         1800-1AB9            100
        EEDATA           2100-21FF            100           2
        ENTRY            0003-0003              1           2
                         07FD-07FF              3
                         10C8-10CE              7
                         1800-1AB9            100
        IDLOC            2000-2003              4           2
        RAM              006E-006F              2           1
                         00D3-00EF             1D
                         0110-016F             60
                         01C7-01EF             29
        SFR0             0000-001F             20           1
        SFR1             0080-009F             20           1
        SFR2             0100-010F             10           1
        SFR3             0180-018F             10           1
        STACK            0110-016F             60           1
        STRCODE          0003-0003              1           2
                         07FD-07FF              3
                         10C8-10CE              7
                         1800-1AB9            2BA
        STRING           0003-0003              1           2
                         07FD-07FF              3
                         10C8-10CE              7
                         1800-1AB9            100

                                  Symbol Table

?__Umul8_16                  cstackCOMMON 0070
?___awdiv                    cstackCOMMON 0077
?___awmod                    cstackCOMMON 0070
?___fladd                    cstackBANK0  0052
?___fldiv                    cstackBANK0  0066
?___flmul                    cstackBANK0  0024
?___flneg                    cstackCOMMON 0070
?___flsub                    cstackBANK0  0066
?___fltol                    cstackBANK0  0051
?___lldiv                    cstackCOMMON 0070
?___llmod                    cstackCOMMON 0070
?___lwdiv                    cstackCOMMON 0076
?___lwmod                    cstackCOMMON 0070
?___wmul                     cstackCOMMON 0070
?___xxtofl                   cstackCOMMON 0070
?__div_to_l_                 cstackCOMMON 0070
?__tdiv_to_l_                cstackCOMMON 0070
?_fround                     cstackBANK0  003E
?_scale                      cstackBANK0  003E
?_sprintf                    cstackBANK1  00A0
_ADCON0bits                  (abs)        001F
_ADCON1bits                  (abs)        009F
_ADRESH                      (abs)        001E
_ADRESL                      (abs)        009E
_GIE                         (abs)        005F
_OPTION_REG                  (abs)        0081
_PEIE                        (abs)        005E
_PORTB                       (abs)        0006
_PORTBbits                   (abs)        0006
_PORTD                       (abs)        0008
_RD2                         (abs)        0042
_RD3                         (abs)        0043
_RD4                         (abs)        0044
_RD5                         (abs)        0045
_RD6                         (abs)        0046
_RD7                         (abs)        0047
_TMR0                        (abs)        0001
_TMR0IE                      (abs)        005D
_TMR0IF                      (abs)        005A
_TRISB                       (abs)        0086
_TRISD                       (abs)        0088
__Habs1                      abs1         0000
__Hbank0                     bank0        0000
__Hbank1                     bank1        0000
__Hbank2                     bank2        0000
__Hbank3                     bank3        0000
__HbssBANK1                  bssBANK1     0000
__HbssBANK3                  bssBANK3     0000
__Hcinit                     cinit        002A
__Hclrtext                   clrtext      0000
__Hcode                      code         0000
__Hcommon                    common       0000
__Hconfig                    config       0000
__HcstackBANK0               cstackBANK0  0000
__HcstackBANK1               cstackBANK1  0000
__HcstackBANK3               cstackBANK3  0000
__HcstackCOMMON              cstackCOMMON 0000
__Heeprom_data               eeprom_data  0000
__Hend_init                  end_init     0019
__Hfunctab                   functab      0000
__Hidloc                     idloc        0000
__Hinit                      init         0016
__Hintentry                  intentry     0016
__Hmaintext                  maintext     0000
__Hpowerup                   powerup      0000
__Hram                       ram          0000
__Hreset_vec                 reset_vec    0003
__Hsfr0                      sfr0         0000
__Hsfr1                      sfr1         0000
__Hsfr2                      sfr2         0000
__Hsfr3                      sfr3         0000
__Hspace_0                   (abs)        2000
__Hspace_1                   (abs)        01C7
__Hspace_2                   (abs)        0000
__Hspace_3                   (abs)        0000
__Hstack                     stack        0000
__Hstrings                   strings      0000
__Htext                      text         0000
__Labs1                      abs1         0000
__Lbank0                     bank0        0000
__Lbank1                     bank1        0000
__Lbank2                     bank2        0000
__Lbank3                     bank3        0000
__LbssBANK1                  bssBANK1     0000
__LbssBANK3                  bssBANK3     0000
__Lcinit                     cinit        0019
__Lclrtext                   clrtext      0000
__Lcode                      code         0000
__Lcommon                    common       0000
__Lconfig                    config       0000
__LcstackBANK0               cstackBANK0  0000
__LcstackBANK1               cstackBANK1  0000
__LcstackBANK3               cstackBANK3  0000
__LcstackCOMMON              cstackCOMMON 0000
__Leeprom_data               eeprom_data  0000
__Lend_init                  end_init     0016
__Lfunctab                   functab      0000
__Lidloc                     idloc        0000
__Linit                      init         0016
__Lintentry                  intentry     0004
__Lmaintext                  maintext     0000
__Lpowerup                   powerup      0000
__Lram                       ram          0000
__Lreset_vec                 reset_vec    0000
__Lsfr0                      sfr0         0000
__Lsfr1                      sfr1         0000
__Lsfr2                      sfr2         0000
__Lsfr3                      sfr3         0000
__Lspace_0                   (abs)        0000
__Lspace_1                   (abs)        0000
__Lspace_2                   (abs)        0000
__Lspace_3                   (abs)        0000
__Lstack                     stack        0000
__Lstrings                   strings      0000
__Ltext                      text         0000
__S0                         (abs)        2000
__S1                         (abs)        01C7
__S2                         (abs)        0000
__S3                         (abs)        0000
__Umul8_16                   text25       1B70
__Umul8_16@multiplicand      cstackCOMMON 0070
__Umul8_16@multiplier        cstackCOMMON 0078
__Umul8_16@product           cstackCOMMON 0074
__Umul8_16@word_mpld         cstackCOMMON 0076
___awdiv                     text20       1EE6
___awdiv@counter             cstackBANK0  0020
___awdiv@dividend            cstackCOMMON 0079
___awdiv@divisor             cstackCOMMON 0077
___awdiv@quotient            cstackBANK0  0022
___awdiv@sign                cstackBANK0  0021
___awmod                     text19       1DB0
___awmod@counter             cstackCOMMON 0075
___awmod@dividend            cstackCOMMON 0072
___awmod@divisor             cstackCOMMON 0070
___awmod@sign                cstackCOMMON 0076
___fladd                     text34       15D1
___fladd@a                   cstackBANK0  0056
___fladd@aexp                cstackBANK0  0063
___fladd@b                   cstackBANK0  0052
___fladd@bexp                cstackBANK0  0064
___fladd@grs                 cstackBANK0  0065
___fladd@signs               cstackBANK0  0062
___fldiv                     text38       0596
___fldiv@a                   cstackBANK0  0066
___fldiv@aexp                cstackBANK1  00B1
___fldiv@b                   cstackBANK0  006A
___fldiv@bexp                cstackBANK1  00B0
___fldiv@grs                 cstackBANK1  00AC
___fldiv@new_exp             cstackBANK1  00AA
___fldiv@rem                 cstackBANK1  00A5
___fldiv@sign                cstackBANK1  00A9
___fleq                      text37       1D1E
___fleq@ff1                  cstackCOMMON 0070
___fleq@ff2                  cstackCOMMON 0074
___flge                      text36       1147
___flge@ff1                  cstackCOMMON 0070
___flge@ff2                  cstackCOMMON 0074
___flmul                     text24       09A2
___flmul@a                   cstackBANK0  0028
___flmul@aexp                cstackBANK0  0036
___flmul@b                   cstackBANK0  0024
___flmul@bexp                cstackBANK0  0037
___flmul@grs                 cstackBANK0  0032
___flmul@prod                cstackBANK0  0038
___flmul@sign                cstackBANK0  0031
___flmul@temp                cstackBANK0  003C
___flneg                     text35       1ABA
___flneg@f1                  cstackCOMMON 0070
___flsub                     text33       1B4E
___flsub@a                   cstackBANK0  0066
___flsub@b                   cstackBANK0  006A
___fltol                     text32       10DA
___fltol@exp1                cstackBANK0  005B
___fltol@f1                  cstackBANK0  0051
___fltol@sign1               cstackBANK0  005A
___int_sp                    stack        0000
___latbits                   (abs)        0002
___lldiv                     text31       1F41
___lldiv@counter             cstackCOMMON 007D
___lldiv@dividend            cstackCOMMON 0074
___lldiv@divisor             cstackCOMMON 0070
___lldiv@quotient            cstackCOMMON 0079
___llmod                     text30       1DFB
___llmod@counter             cstackCOMMON 0079
___llmod@dividend            cstackCOMMON 0074
___llmod@divisor             cstackCOMMON 0070
___lwdiv                     text23       1C62
___lwdiv@counter             cstackCOMMON 007D
___lwdiv@dividend            cstackCOMMON 0078
___lwdiv@divisor             cstackCOMMON 0076
___lwdiv@quotient            cstackCOMMON 007B
___lwmod                     text22       1BC1
___lwmod@counter             cstackCOMMON 0075
___lwmod@dividend            cstackCOMMON 0072
___lwmod@divisor             cstackCOMMON 0070
___sp                        stack        0000
___stackhi                   (abs)        0000
___stacklo                   (abs)        0000
___wmul                      text29       1B2D
___wmul@multiplicand         cstackCOMMON 0072
___wmul@multiplier           cstackCOMMON 0070
___wmul@product              cstackCOMMON 0074
___xxtofl                    text28       11DA
___xxtofl@arg                cstackCOMMON 007A
___xxtofl@exp                cstackCOMMON 0079
___xxtofl@sign               cstackCOMMON 0078
___xxtofl@val                cstackCOMMON 0070
__div_to_l_                  text27       1326
__div_to_l_@cntr             cstackBANK0  0024
__div_to_l_@exp1             cstackBANK0  0025
__div_to_l_@f1               cstackCOMMON 0070
__div_to_l_@f2               cstackCOMMON 0074
__div_to_l_@quot             cstackBANK0  0020
__end_of__Umul8_16           text25       1B93
__end_of___awdiv             text20       1F41
__end_of___awmod             text19       1DFB
__end_of___fladd             text34       1800
__end_of___fldiv             text38       07F1
__end_of___fleq              text37       1D66
__end_of___flge              text36       11DA
__end_of___flmul             text24       0CB7
__end_of___flneg             text35       1AC3
__end_of___flsub             text33       1B70
__end_of___fltol             text32       1147
__end_of___lldiv             text31       1F9F
__end_of___llmod             text30       1E47
__end_of___lwdiv             text23       1C9E
__end_of___lwmod             text22       1BF3
__end_of___wmul              text29       1B4E
__end_of___xxtofl            text28       127D
__end_of__div_to_l_          text27       13D0
__end_of__initialization     cinit        0026
__end_of__npowers_           strings      1078
__end_of__powers_            strings      1044
__end_of__stringtab          strings      1010
__end_of__tdiv_to_l_         text26       1326
__end_of_adc_init            text9        1AD9
__end_of_dpowers             strings      10A0
__end_of_fround              text21       15D1
__end_of_init_timer          text8        07FD
__end_of_lcd_clear           text5        10DA
__end_of_lcd_cmd             text6        1B2D
__end_of_lcd_init            text4        2000
__end_of_lcd_port            text7        1BC1
__end_of_lcd_set_cursor      text3        1EE6
__end_of_lcd_write_char      text2        1D1E
__end_of_lcd_write_string    text1        1E96
__end_of_main                maintext     1C29
__end_of_my_isr_routine      text10       09A2
__end_of_scale               text18       1000
__end_of_sprintf             text17       0596
__end_ofi1_lcd_clear         text14       1ACE
__end_ofi1_lcd_cmd           text15       1B0D
__end_ofi1_lcd_port          text16       1AF3
__end_ofi1_lcd_set_cursor    text13       1DB0
__end_ofi1_lcd_write_char    text12       1C62
__end_ofi1_lcd_write_string  text11       1CDB
__initialization             cinit        0019
__npowers_                   strings      1044
__pbssBANK1                  bssBANK1     00CF
__pbssBANK3                  bssBANK3     01C2
__pcstackBANK0               cstackBANK0  0020
__pcstackBANK1               cstackBANK1  00A0
__pcstackBANK3               cstackBANK3  0190
__pcstackCOMMON              cstackCOMMON 0070
__pintentry                  intentry     0004
__pmaintext                  maintext     1BF3
__powers_                    strings      1010
__pstrings                   strings      1000
__ptext1                     text1        1E47
__ptext10                    text10       0800
__ptext11                    text11       1C9E
__ptext12                    text12       1C29
__ptext13                    text13       1D66
__ptext14                    text14       1AC3
__ptext15                    text15       1AF3
__ptext16                    text16       1AD9
__ptext17                    text17       002A
__ptext18                    text18       0CB7
__ptext19                    text19       1DB0
__ptext2                     text2        1CDB
__ptext20                    text20       1EE6
__ptext21                    text21       13D0
__ptext22                    text22       1BC1
__ptext23                    text23       1C62
__ptext24                    text24       09A2
__ptext25                    text25       1B70
__ptext26                    text26       127D
__ptext27                    text27       1326
__ptext28                    text28       11DA
__ptext29                    text29       1B2D
__ptext3                     text3        1E96
__ptext30                    text30       1DFB
__ptext31                    text31       1F41
__ptext32                    text32       10DA
__ptext33                    text33       1B4E
__ptext34                    text34       15D1
__ptext35                    text35       1ABA
__ptext36                    text36       1147
__ptext37                    text37       1D1E
__ptext38                    text38       0596
__ptext4                     text4        1F9F
__ptext5                     text5        10CF
__ptext6                     text6        1B0D
__ptext7                     text7        1B93
__ptext8                     text8        07F1
__ptext9                     text9        1ACE
__size_of__Umul8_16          (abs)        0000
__size_of___awdiv            (abs)        0000
__size_of___awmod            (abs)        0000
__size_of___fladd            (abs)        0000
__size_of___fldiv            (abs)        0000
__size_of___fleq             (abs)        0000
__size_of___flge             (abs)        0000
__size_of___flmul            (abs)        0000
__size_of___flneg            (abs)        0000
__size_of___flsub            (abs)        0000
__size_of___fltol            (abs)        0000
__size_of___lldiv            (abs)        0000
__size_of___llmod            (abs)        0000
__size_of___lwdiv            (abs)        0000
__size_of___lwmod            (abs)        0000
__size_of___wmul             (abs)        0000
__size_of___xxtofl           (abs)        0000
__size_of__div_to_l_         (abs)        0000
__size_of__tdiv_to_l_        (abs)        0000
__size_of_adc_init           (abs)        0000
__size_of_fround             (abs)        0000
__size_of_init_timer         (abs)        0000
__size_of_lcd_clear          (abs)        0000
__size_of_lcd_cmd            (abs)        0000
__size_of_lcd_init           (abs)        0000
__size_of_lcd_port           (abs)        0000
__size_of_lcd_set_cursor     (abs)        0000
__size_of_lcd_write_char     (abs)        0000
__size_of_lcd_write_string   (abs)        0000
__size_of_main               (abs)        0000
__size_of_my_isr_routine     (abs)        0000
__size_of_scale              (abs)        0000
__size_of_sprintf            (abs)        0000
__size_ofi1_lcd_clear        (abs)        0000
__size_ofi1_lcd_cmd          (abs)        0000
__size_ofi1_lcd_port         (abs)        0000
__size_ofi1_lcd_set_cursor   (abs)        0000
__size_ofi1_lcd_write_char   (abs)        0000
__size_ofi1_lcd_write_string (abs)        0000
__stringbase                 strings      100F
__stringtab                  strings      1000
__tdiv_to_l_                 text26       127D
__tdiv_to_l_@cntr            cstackBANK0  0024
__tdiv_to_l_@exp1            cstackBANK0  0025
__tdiv_to_l_@f1              cstackCOMMON 0070
__tdiv_to_l_@f2              cstackCOMMON 0074
__tdiv_to_l_@quot            cstackBANK0  0020
_adc_init                    text9        1ACE
_counter                     bssBANK3     01C2
_dpowers                     strings      1078
_fround                      text21       13D0
_fround$924                  cstackBANK0  004D
_fround$925                  cstackBANK0  0049
_init_timer                  text8        07F1
_lcd_clear                   text5        10CF
_lcd_cmd                     text6        1B0D
_lcd_init                    text4        1F9F
_lcd_port                    text7        1B93
_lcd_set_cursor              text3        1E96
_lcd_write_char              text2        1CDB
_lcd_write_string            text1        1E47
_main                        maintext     1BF3
_my_isr_routine              text10       0800
_my_isr_routine$923          cstackBANK3  01B2
_scale                       text18       0CB7
_scale$926                   cstackBANK0  004C
_sprintf                     text17       002A
_sprintf$927                 cstackBANK1  00AA
_value                       bssBANK3     01C6
btemp                        (abs)        007E
end_of_initialization        cinit        0026
fround@prec                  cstackBANK0  0051
i1_lcd_clear                 text14       1AC3
i1_lcd_cmd                   text15       1AF3
i1_lcd_port                  text16       1AD9
i1_lcd_set_cursor            text13       1D66
i1_lcd_write_char            text12       1C29
i1_lcd_write_string          text11       1C9E
i1lcd_cmd@a                  cstackCOMMON 0073
i1lcd_port@a                 cstackCOMMON 0070
i1lcd_set_cursor@a           cstackCOMMON 0077
i1lcd_set_cursor@b           cstackCOMMON 0074
i1lcd_set_cursor@temp        cstackCOMMON 007A
i1lcd_set_cursor@y           cstackCOMMON 0079
i1lcd_set_cursor@z           cstackCOMMON 0078
i1lcd_write_char@a           cstackCOMMON 0074
i1lcd_write_char@temp        cstackCOMMON 0072
i1lcd_write_char@y           cstackCOMMON 0073
i1lcd_write_string@a         cstackCOMMON 0075
i1lcd_write_string@i         cstackCOMMON 007A
interrupt_function           intentry     0004
intlevel0                    functab      0000
intlevel1                    functab      0000
intlevel2                    functab      0000
intlevel3                    functab      0000
intlevel4                    functab      0000
intlevel5                    functab      0000
lcd_cmd@a                    cstackBANK3  01B9
lcd_port@a                   cstackBANK3  01B6
lcd_set_cursor@a             cstackBANK3  01BD
lcd_set_cursor@b             cstackBANK3  01BA
lcd_set_cursor@temp          cstackBANK3  01C0
lcd_set_cursor@y             cstackBANK3  01BF
lcd_set_cursor@z             cstackBANK3  01BE
lcd_write_char@a             cstackBANK3  01BA
lcd_write_char@temp          cstackBANK3  01B8
lcd_write_char@y             cstackBANK3  01B9
lcd_write_string@a           cstackBANK3  01BB
lcd_write_string@i           cstackBANK3  01C0
my_isr_routine@buf           cstackBANK3  0190
my_isr_routine@val           cstackBANK3  01AE
reset_vec                    reset_vec    0000
saved_w                      (abs)        007E
scale@scl                    cstackBANK0  0050
sprintf@ap                   cstackBANK1  00AE
sprintf@c                    cstackBANK1  00C2
sprintf@eexp                 cstackBANK1  00B7
sprintf@f                    cstackBANK1  00A0
sprintf@flag                 cstackBANK1  00AF
sprintf@fval                 cstackBANK1  00BE
sprintf@prec                 cstackBANK1  00B1
sprintf@sp                   cstackBANK1  00BD
sprintf@tmpval               cstackBANK1  00B9
sprintf@val                  cstackBANK1  00B3
start                        init         0016
start_initialization         cinit        0019
wtemp0                       (abs)        007E


FUNCTION INFORMATION:

 *************** function _main *****************
 Defined at:
		line 98 in file "lcd.c"
 Parameters:    Size  Location     Type
		None
 Auto vars:     Size  Location     Type
  a               1    0        unsigned char 
 Return value:  Size  Location     Type
                  2  122[None  ] int 
 Registers used:
		wreg, fsr0l, fsr0h, status,2, status,0, btemp+1, pclath, cstack
 Tracked objects:
		On entry : 
		On exit  : 
		Unchanged: 
 Data sizes:     COMMON   BANK0   BANK1   BANK3   BANK2
      Params:         0       0       0       0       0
      Locals:         0       0       0       1       0
      Temps:          0       0       0       0       0
      Totals:         0       0       0       1       0
Total ram usage:        1 bytes
 Hardware stack levels required when called:    8
 This function calls:
		_adc_init
		_init_timer
		_lcd_clear
		_lcd_init
		_lcd_set_cursor
		_lcd_write_string
 This function is called by:
		Startup code after reset
 This function uses a non-reentrant model


 *************** function _lcd_write_string *****************
 Defined at:
		line 95 in file "./lcd.h"
 Parameters:    Size  Location     Type
  a               2   43[BANK3 ] PTR unsigned char 
		 -> STR_3(22), my_isr_routine@buf(30), STR_1(11), 
 Auto vars:     Size  Location     Type
  i               2   48[BANK3 ] int 
 Return value:  Size  Location     Type
                  1    wreg      void 
 Registers used:
		wreg, fsr0l, fsr0h, status,2, status,0, btemp+1, pclath, cstack
 Tracked objects:
		On entry : 
		On exit  : 
		Unchanged: 
 Data sizes:     COMMON   BANK0   BANK1   BANK3   BANK2
      Params:         0       0       0       2       0
      Locals:         0       0       0       2       0
      Temps:          0       0       0       3       0
      Totals:         0       0       0       7       0
Total ram usage:        7 bytes
 Hardware stack levels used:    1
 Hardware stack levels required when called:    7
 This function calls:
		_lcd_write_char
 This function is called by:
		_main
 This function uses a non-reentrant model


 *************** function _lcd_write_char *****************
 Defined at:
		line 81 in file "./lcd.h"
 Parameters:    Size  Location     Type
  a               1    wreg     unsigned char 
 Auto vars:     Size  Location     Type
  a               1   42[BANK3 ] unsigned char 
  y               1   41[BANK3 ] unsigned char 
  temp            1   40[BANK3 ] unsigned char 
 Return value:  Size  Location     Type
                  1    wreg      void 
 Registers used:
		wreg, status,2, status,0, pclath, cstack
 Tracked objects:
		On entry : 
		On exit  : 
		Unchanged: 
 Data sizes:     COMMON   BANK0   BANK1   BANK3   BANK2
      Params:         0       0       0       0       0
      Locals:         0       0       0       3       0
      Temps:          0       0       0       1       0
      Totals:         0       0       0       4       0
Total ram usage:        4 bytes
 Hardware stack levels used:    1
 Hardware stack levels required when called:    6
 This function calls:
		_lcd_port
 This function is called by:
		_lcd_write_string
 This function uses a non-reentrant model


 *************** function _lcd_set_cursor *****************
 Defined at:
		line 40 in file "./lcd.h"
 Parameters:    Size  Location     Type
  a               1    wreg     unsigned char 
  b               1   42[BANK3 ] unsigned char 
 Auto vars:     Size  Location     Type
  a               1   45[BANK3 ] unsigned char 
  temp            1   48[BANK3 ] unsigned char 
  y               1   47[BANK3 ] unsigned char 
  z               1   46[BANK3 ] unsigned char 
 Return value:  Size  Location     Type
                  1    wreg      void 
 Registers used:
		wreg, status,2, status,0, pclath, cstack
 Tracked objects:
		On entry : 
		On exit  : 
		Unchanged: 
 Data sizes:     COMMON   BANK0   BANK1   BANK3   BANK2
      Params:         0       0       0       1       0
      Locals:         0       0       0       4       0
      Temps:          0       0       0       2       0
      Totals:         0       0       0       7       0
Total ram usage:        7 bytes
 Hardware stack levels used:    1
 Hardware stack levels required when called:    7
 This function calls:
		_lcd_cmd
 This function is called by:
		_main
 This function uses a non-reentrant model


 *************** function _lcd_init *****************
 Defined at:
		line 62 in file "./lcd.h"
 Parameters:    Size  Location     Type
		None
 Auto vars:     Size  Location     Type
		None
 Return value:  Size  Location     Type
                  1    wreg      void 
 Registers used:
		wreg, status,2, status,0, pclath, cstack
 Tracked objects:
		On entry : 
		On exit  : 
		Unchanged: 
 Data sizes:     COMMON   BANK0   BANK1   BANK3   BANK2
      Params:         0       0       0       0       0
      Locals:         0       0       0       0       0
      Temps:          0       0       0       2       0
      Totals:         0       0       0       2       0
Total ram usage:        2 bytes
 Hardware stack levels used:    1
 Hardware stack levels required when called:    7
 This function calls:
		_lcd_cmd
		_lcd_port
 This function is called by:
		_main
 This function uses a non-reentrant model


 *************** function _lcd_clear *****************
 Defined at:
		line 34 in file "./lcd.h"
 Parameters:    Size  Location     Type
		None
 Auto vars:     Size  Location     Type
		None
 Return value:  Size  Location     Type
                  1    wreg      void 
 Registers used:
		wreg, status,2, status,0, pclath, cstack
 Tracked objects:
		On entry : 
		On exit  : 
		Unchanged: 
 Data sizes:     COMMON   BANK0   BANK1   BANK3   BANK2
      Params:         0       0       0       0       0
      Locals:         0       0       0       0       0
      Temps:          0       0       0       0       0
      Totals:         0       0       0       0       0
Total ram usage:        0 bytes
 Hardware stack levels used:    1
 Hardware stack levels required when called:    7
 This function calls:
		_lcd_cmd
 This function is called by:
		_main
 This function uses a non-reentrant model


 *************** function _lcd_cmd *****************
 Defined at:
		line 25 in file "./lcd.h"
 Parameters:    Size  Location     Type
  a               1    wreg     unsigned char 
 Auto vars:     Size  Location     Type
  a               1   41[BANK3 ] unsigned char 
 Return value:  Size  Location     Type
                  1    wreg      void 
 Registers used:
		wreg, status,2, status,0, pclath, cstack
 Tracked objects:
		On entry : 
		On exit  : 
		Unchanged: 
 Data sizes:     COMMON   BANK0   BANK1   BANK3   BANK2
      Params:         0       0       0       0       0
      Locals:         0       0       0       1       0
      Temps:          0       0       0       2       0
      Totals:         0       0       0       3       0
Total ram usage:        3 bytes
 Hardware stack levels used:    1
 Hardware stack levels required when called:    6
 This function calls:
		_lcd_port
 This function is called by:
		_lcd_clear
		_lcd_set_cursor
		_lcd_init
		_lcd_shift_right
		_lcd_shift_left
 This function uses a non-reentrant model


 *************** function _lcd_port *****************
 Defined at:
		line 1 in file "./lcd.h"
 Parameters:    Size  Location     Type
  a               1    wreg     unsigned char 
 Auto vars:     Size  Location     Type
  a               1   38[BANK3 ] unsigned char 
 Return value:  Size  Location     Type
                  1    wreg      void 
 Registers used:
		wreg
 Tracked objects:
		On entry : 
		On exit  : 
		Unchanged: 
 Data sizes:     COMMON   BANK0   BANK1   BANK3   BANK2
      Params:         0       0       0       0       0
      Locals:         0       0       0       1       0
      Temps:          0       0       0       0       0
      Totals:         0       0       0       1       0
Total ram usage:        1 bytes
 Hardware stack levels used:    1
 Hardware stack levels required when called:    5
 This function calls:
		Nothing
 This function is called by:
		_lcd_cmd
		_lcd_init
		_lcd_write_char
 This function uses a non-reentrant model


 *************** function _init_timer *****************
 Defined at:
		line 78 in file "lcd.c"
 Parameters:    Size  Location     Type
		None
 Auto vars:     Size  Location     Type
		None
 Return value:  Size  Location     Type
                  1    wreg      void 
 Registers used:
		wreg
 Tracked objects:
		On entry : 
		On exit  : 
		Unchanged: 
 Data sizes:     COMMON   BANK0   BANK1   BANK3   BANK2
      Params:         0       0       0       0       0
      Locals:         0       0       0       0       0
      Temps:          0       0       0       0       0
      Totals:         0       0       0       0       0
Total ram usage:        0 bytes
 Hardware stack levels used:    1
 Hardware stack levels required when called:    5
 This function calls:
		Nothing
 This function is called by:
		_main
 This function uses a non-reentrant model


 *************** function _adc_init *****************
 Defined at:
		line 86 in file "lcd.c"
 Parameters:    Size  Location     Type
		None
 Auto vars:     Size  Location     Type
		None
 Return value:  Size  Location     Type
                  1    wreg      void 
 Registers used:
		None
 Tracked objects:
		On entry : 
		On exit  : 
		Unchanged: 
 Data sizes:     COMMON   BANK0   BANK1   BANK3   BANK2
      Params:         0       0       0       0       0
      Locals:         0       0       0       0       0
      Temps:          0       0       0       0       0
      Totals:         0       0       0       0       0
Total ram usage:        0 bytes
 Hardware stack levels used:    1
 Hardware stack levels required when called:    5
 This function calls:
		Nothing
 This function is called by:
		_main
 This function uses a non-reentrant model


 *************** function _my_isr_routine *****************
 Defined at:
		line 37 in file "lcd.c"
 Parameters:    Size  Location     Type
		None
 Auto vars:     Size  Location     Type
  buf            30    0[BANK3 ] unsigned char [30]
  val             4   30[BANK3 ] float 
 Return value:  Size  Location     Type
                  1    wreg      void 
 Registers used:
		wreg, fsr0l, fsr0h, status,2, status,0, btemp+1, pclath, cstack
 Tracked objects:
		On entry : 
		On exit  : 
		Unchanged: 
 Data sizes:     COMMON   BANK0   BANK1   BANK3   BANK2
      Params:         0       0       0       0       0
      Locals:         0       0       0      38       0
      Temps:          0       0      12       0       0
      Totals:         0       0      12      38       0
Total ram usage:       50 bytes
 Hardware stack levels used:    1
 Hardware stack levels required when called:    4
 This function calls:
		___fladd
		___fldiv
		___fleq
		___flmul
		___xxtofl
		_sprintf
		i1_lcd_clear
		i1_lcd_set_cursor
		i1_lcd_write_string
 This function is called by:
		Interrupt level 1
 This function uses a non-reentrant model


 *************** function i1_lcd_write_string *****************
 Defined at:
		line 95 in file "./lcd.h"
 Parameters:    Size  Location     Type
  a               2    5[COMMON] PTR unsigned char 
		 -> STR_3(22), my_isr_routine@buf(30), STR_1(11), 
 Auto vars:     Size  Location     Type
  lcd_write_st    2   10[COMMON] int 
 Return value:  Size  Location     Type
                  1    wreg      void 
 Registers used:
		wreg, fsr0l, fsr0h, status,2, status,0, btemp+1, pclath, cstack
 Tracked objects:
		On entry : 
		On exit  : 
		Unchanged: 
 Data sizes:     COMMON   BANK0   BANK1   BANK3   BANK2
      Params:         2       0       0       0       0
      Locals:         2       0       0       0       0
      Temps:          3       0       0       0       0
      Totals:         7       0       0       0       0
Total ram usage:        7 bytes
 Hardware stack levels used:    1
 Hardware stack levels required when called:    2
 This function calls:
		i1_lcd_write_char
 This function is called by:
		_my_isr_routine
 This function uses a non-reentrant model


 *************** function i1_lcd_write_char *****************
 Defined at:
		line 81 in file "./lcd.h"
 Parameters:    Size  Location     Type
  a               1    wreg     unsigned char 
 Auto vars:     Size  Location     Type
  a               1    4[COMMON] unsigned char 
  lcd_write_ch    1    3[COMMON] unsigned char 
  lcd_write_ch    1    2[COMMON] unsigned char 
 Return value:  Size  Location     Type
                  1    wreg      void 
 Registers used:
		wreg, status,2, status,0, pclath, cstack
 Tracked objects:
		On entry : 
		On exit  : 
		Unchanged: 
 Data sizes:     COMMON   BANK0   BANK1   BANK3   BANK2
      Params:         0       0       0       0       0
      Locals:         3       0       0       0       0
      Temps:          1       0       0       0       0
      Totals:         4       0       0       0       0
Total ram usage:        4 bytes
 Hardware stack levels used:    1
 Hardware stack levels required when called:    1
 This function calls:
		i1_lcd_port
 This function is called by:
		i1_lcd_write_string
 This function uses a non-reentrant model


 *************** function i1_lcd_set_cursor *****************
 Defined at:
		line 40 in file "./lcd.h"
 Parameters:    Size  Location     Type
  a               1    wreg     unsigned char 
  b               1    4[COMMON] unsigned char 
 Auto vars:     Size  Location     Type
  a               1    7[COMMON] unsigned char 
  lcd_set_curs    1   10[COMMON] unsigned char 
  lcd_set_curs    1    9[COMMON] unsigned char 
  lcd_set_curs    1    8[COMMON] unsigned char 
 Return value:  Size  Location     Type
                  1    wreg      void 
 Registers used:
		wreg, status,2, status,0, pclath, cstack
 Tracked objects:
		On entry : 
		On exit  : 
		Unchanged: 
 Data sizes:     COMMON   BANK0   BANK1   BANK3   BANK2
      Params:         1       0       0       0       0
      Locals:         4       0       0       0       0
      Temps:          2       0       0       0       0
      Totals:         7       0       0       0       0
Total ram usage:        7 bytes
 Hardware stack levels used:    1
 Hardware stack levels required when called:    2
 This function calls:
		i1_lcd_cmd
 This function is called by:
		_my_isr_routine
 This function uses a non-reentrant model


 *************** function i1_lcd_clear *****************
 Defined at:
		line 34 in file "./lcd.h"
 Parameters:    Size  Location     Type
		None
 Auto vars:     Size  Location     Type
		None
 Return value:  Size  Location     Type
                  1    wreg      void 
 Registers used:
		wreg, status,2, status,0, pclath, cstack
 Tracked objects:
		On entry : 
		On exit  : 
		Unchanged: 
 Data sizes:     COMMON   BANK0   BANK1   BANK3   BANK2
      Params:         0       0       0       0       0
      Locals:         0       0       0       0       0
      Temps:          0       0       0       0       0
      Totals:         0       0       0       0       0
Total ram usage:        0 bytes
 Hardware stack levels used:    1
 Hardware stack levels required when called:    2
 This function calls:
		i1_lcd_cmd
 This function is called by:
		_my_isr_routine
 This function uses a non-reentrant model


 *************** function i1_lcd_cmd *****************
 Defined at:
		line 25 in file "./lcd.h"
 Parameters:    Size  Location     Type
  a               1    wreg     unsigned char 
 Auto vars:     Size  Location     Type
  a               1    3[COMMON] unsigned char 
 Return value:  Size  Location     Type
                  1    wreg      void 
 Registers used:
		wreg, status,2, status,0, pclath, cstack
 Tracked objects:
		On entry : 
		On exit  : 
		Unchanged: 
 Data sizes:     COMMON   BANK0   BANK1   BANK3   BANK2
      Params:         0       0       0       0       0
      Locals:         1       0       0       0       0
      Temps:          2       0       0       0       0
      Totals:         3       0       0       0       0
Total ram usage:        3 bytes
 Hardware stack levels used:    1
 Hardware stack levels required when called:    1
 This function calls:
		i1_lcd_port
 This function is called by:
		i1_lcd_clear
		i1_lcd_set_cursor
 This function uses a non-reentrant model


 *************** function i1_lcd_port *****************
 Defined at:
		line 1 in file "./lcd.h"
 Parameters:    Size  Location     Type
  a               1    wreg     unsigned char 
 Auto vars:     Size  Location     Type
  a               1    0[COMMON] unsigned char 
 Return value:  Size  Location     Type
                  1    wreg      void 
 Registers used:
		wreg
 Tracked objects:
		On entry : 
		On exit  : 
		Unchanged: 
 Data sizes:     COMMON   BANK0   BANK1   BANK3   BANK2
      Params:         0       0       0       0       0
      Locals:         1       0       0       0       0
      Temps:          0       0       0       0       0
      Totals:         1       0       0       0       0
Total ram usage:        1 bytes
 Hardware stack levels used:    1
 This function calls:
		Nothing
 This function is called by:
		i1_lcd_cmd
		i1_lcd_write_char
 This function uses a non-reentrant model


 *************** function _sprintf *****************
 Defined at:
		line 500 in file "C:\Program Files (x86)\Microchip\xc8\v2.05\pic\sources\c90\common\doprnt.c"
 Parameters:    Size  Location     Type
  sp              1    wreg     PTR unsigned char 
		 -> my_isr_routine@buf(30), 
  f               1    0[BANK1 ] PTR const unsigned char 
		 -> STR_2(7), 
 Auto vars:     Size  Location     Type
  sp              1   29[BANK1 ] PTR unsigned char 
		 -> my_isr_routine@buf(30), 
  fval            4   30[BANK1 ] PTR unsigned char 
  tmpval          4   25[BANK1 ] struct .
  val             4   19[BANK1 ] unsigned long 
  eexp            2   23[BANK1 ] int 
  prec            2   17[BANK1 ] int 
  flag            2   15[BANK1 ] unsigned short 
  cp              2    0        PTR const unsigned char 
  len             2    0        unsigned int 
  width           2    0        int 
  c               1   34[BANK1 ] unsigned char 
  ap              1   14[BANK1 ] PTR void [1]
		 -> ?_sprintf(2), 
  d               1    0        unsigned char 
 Return value:  Size  Location     Type
                  2    0[BANK1 ] int 
 Registers used:
		wreg, fsr0l, fsr0h, status,2, status,0, btemp+1, pclath, cstack
 Tracked objects:
		On entry : 
		On exit  : 
		Unchanged: 
 Data sizes:     COMMON   BANK0   BANK1   BANK3   BANK2
      Params:         0       0       5       0       0
      Locals:         0       0      25       0       0
      Temps:          0       0       5       0       0
      Totals:         0       0      35       0       0
Total ram usage:       35 bytes
 Hardware stack levels used:    1
 Hardware stack levels required when called:    3
 This function calls:
		___awdiv
		___fladd
		___fleq
		___flge
		___flmul
		___flneg
		___flsub
		___fltol
		___lldiv
		___llmod
		___wmul
		___xxtofl
		__div_to_l_
		__tdiv_to_l_
		_fround
		_scale
 This function is called by:
		_my_isr_routine
 This function uses a non-reentrant model


 *************** function _scale *****************
 Defined at:
		line 433 in file "C:\Program Files (x86)\Microchip\xc8\v2.05\pic\sources\c90\common\doprnt.c"
 Parameters:    Size  Location     Type
  scl             1    wreg     char 
 Auto vars:     Size  Location     Type
  scl             1   48[BANK0 ] char 
 Return value:  Size  Location     Type
                  4   30[BANK0 ] char 
 Registers used:
		wreg, fsr0l, fsr0h, status,2, status,0, btemp+1, pclath, cstack
 Tracked objects:
		On entry : 
		On exit  : 
		Unchanged: 
 Data sizes:     COMMON   BANK0   BANK1   BANK3   BANK2
      Params:         0       4       0       0       0
      Locals:         0       5       0       0       0
      Temps:          0      10       0       0       0
      Totals:         0      19       0       0       0
Total ram usage:       19 bytes
 Hardware stack levels used:    1
 Hardware stack levels required when called:    2
 This function calls:
		___awdiv
		___awmod
		___flmul
 This function is called by:
		_sprintf
 This function uses a non-reentrant model


 *************** function ___awmod *****************
 Defined at:
		line 5 in file "C:\Program Files (x86)\Microchip\xc8\v2.05\pic\sources\c90\common\awmod.c"
 Parameters:    Size  Location     Type
  divisor         2    0[COMMON] int 
  dividend        2    2[COMMON] int 
 Auto vars:     Size  Location     Type
  sign            1    6[COMMON] unsigned char 
  counter         1    5[COMMON] unsigned char 
 Return value:  Size  Location     Type
                  2    0[COMMON] int 
 Registers used:
		wreg, status,2, status,0
 Tracked objects:
		On entry : 
		On exit  : 
		Unchanged: 
 Data sizes:     COMMON   BANK0   BANK1   BANK3   BANK2
      Params:         4       0       0       0       0
      Locals:         2       0       0       0       0
      Temps:          1       0       0       0       0
      Totals:         7       0       0       0       0
Total ram usage:        7 bytes
 Hardware stack levels used:    1
 This function calls:
		Nothing
 This function is called by:
		_scale
 This function uses a non-reentrant model


 *************** function ___awdiv *****************
 Defined at:
		line 5 in file "C:\Program Files (x86)\Microchip\xc8\v2.05\pic\sources\c90\common\awdiv.c"
 Parameters:    Size  Location     Type
  divisor         2    7[COMMON] int 
  dividend        2    9[COMMON] int 
 Auto vars:     Size  Location     Type
  quotient        2    2[BANK0 ] int 
  sign            1    1[BANK0 ] unsigned char 
  counter         1    0[BANK0 ] unsigned char 
 Return value:  Size  Location     Type
                  2    7[COMMON] int 
 Registers used:
		wreg, status,2, status,0
 Tracked objects:
		On entry : 
		On exit  : 
		Unchanged: 
 Data sizes:     COMMON   BANK0   BANK1   BANK3   BANK2
      Params:         4       0       0       0       0
      Locals:         0       4       0       0       0
      Temps:          1       0       0       0       0
      Totals:         5       4       0       0       0
Total ram usage:        9 bytes
 Hardware stack levels used:    1
 This function calls:
		Nothing
 This function is called by:
		_scale
		_sprintf
 This function uses a non-reentrant model


 *************** function _fround *****************
 Defined at:
		line 417 in file "C:\Program Files (x86)\Microchip\xc8\v2.05\pic\sources\c90\common\doprnt.c"
 Parameters:    Size  Location     Type
  prec            1    wreg     unsigned char 
 Auto vars:     Size  Location     Type
  prec            1   49[BANK0 ] unsigned char 
 Return value:  Size  Location     Type
                  4   30[BANK0 ] unsigned char 
 Registers used:
		wreg, fsr0l, fsr0h, status,2, status,0, btemp+1, pclath, cstack
 Tracked objects:
		On entry : 
		On exit  : 
		Unchanged: 
 Data sizes:     COMMON   BANK0   BANK1   BANK3   BANK2
      Params:         0       4       0       0       0
      Locals:         0       9       0       0       0
      Temps:          0       7       0       0       0
      Totals:         0      20       0       0       0
Total ram usage:       20 bytes
 Hardware stack levels used:    1
 Hardware stack levels required when called:    2
 This function calls:
		___flmul
		___lwdiv
		___lwmod
 This function is called by:
		_sprintf
 This function uses a non-reentrant model


 *************** function ___lwmod *****************
 Defined at:
		line 5 in file "C:\Program Files (x86)\Microchip\xc8\v2.05\pic\sources\c90\common\lwmod.c"
 Parameters:    Size  Location     Type
  divisor         2    0[COMMON] unsigned int 
  dividend        2    2[COMMON] unsigned int 
 Auto vars:     Size  Location     Type
  counter         1    5[COMMON] unsigned char 
 Return value:  Size  Location     Type
                  2    0[COMMON] unsigned int 
 Registers used:
		wreg, status,2, status,0
 Tracked objects:
		On entry : 
		On exit  : 
		Unchanged: 
 Data sizes:     COMMON   BANK0   BANK1   BANK3   BANK2
      Params:         4       0       0       0       0
      Locals:         1       0       0       0       0
      Temps:          1       0       0       0       0
      Totals:         6       0       0       0       0
Total ram usage:        6 bytes
 Hardware stack levels used:    1
 This function calls:
		Nothing
 This function is called by:
		_fround
 This function uses a non-reentrant model


 *************** function ___lwdiv *****************
 Defined at:
		line 5 in file "C:\Program Files (x86)\Microchip\xc8\v2.05\pic\sources\c90\common\lwdiv.c"
 Parameters:    Size  Location     Type
  divisor         2    6[COMMON] unsigned int 
  dividend        2    8[COMMON] unsigned int 
 Auto vars:     Size  Location     Type
  quotient        2   11[COMMON] unsigned int 
  counter         1   13[COMMON] unsigned char 
 Return value:  Size  Location     Type
                  2    6[COMMON] unsigned int 
 Registers used:
		wreg, status,2, status,0
 Tracked objects:
		On entry : 
		On exit  : 
		Unchanged: 
 Data sizes:     COMMON   BANK0   BANK1   BANK3   BANK2
      Params:         4       0       0       0       0
      Locals:         3       0       0       0       0
      Temps:          1       0       0       0       0
      Totals:         8       0       0       0       0
Total ram usage:        8 bytes
 Hardware stack levels used:    1
 This function calls:
		Nothing
 This function is called by:
		_fround
 This function uses a non-reentrant model


 *************** function ___flmul *****************
 Defined at:
		line 8 in file "C:\Program Files (x86)\Microchip\xc8\v2.05\pic\sources\c90\common\sprcmul.c"
 Parameters:    Size  Location     Type
  b               4    4[BANK0 ] unsigned int 
  a               4    8[BANK0 ] unsigned int 
 Auto vars:     Size  Location     Type
  prod            4   24[BANK0 ] struct .
  grs             4   18[BANK0 ] unsigned long 
  temp            2   28[BANK0 ] struct .
  bexp            1   23[BANK0 ] unsigned char 
  aexp            1   22[BANK0 ] unsigned char 
  sign            1   17[BANK0 ] unsigned char 
 Return value:  Size  Location     Type
                  4    4[BANK0 ] unsigned char 
 Registers used:
		wreg, status,2, status,0, btemp+1, pclath, cstack
 Tracked objects:
		On entry : 
		On exit  : 
		Unchanged: 
 Data sizes:     COMMON   BANK0   BANK1   BANK3   BANK2
      Params:         0       8       0       0       0
      Locals:         0      13       0       0       0
      Temps:          0       5       0       0       0
      Totals:         0      26       0       0       0
Total ram usage:       26 bytes
 Hardware stack levels used:    1
 Hardware stack levels required when called:    1
 This function calls:
		__Umul8_16
 This function is called by:
		_my_isr_routine
		_fround
		_scale
		_sprintf
 This function uses a non-reentrant model


 *************** function __Umul8_16 *****************
 Defined at:
		line 4 in file "C:\Program Files (x86)\Microchip\xc8\v2.05\pic\sources\c90\common\Umul8_16.c"
 Parameters:    Size  Location     Type
  multiplier      1    wreg     unsigned char 
  multiplicand    1    0[COMMON] unsigned char 
 Auto vars:     Size  Location     Type
  multiplier      1    8[COMMON] unsigned char 
  word_mpld       2    6[COMMON] unsigned int 
  product         2    4[COMMON] unsigned int 
 Return value:  Size  Location     Type
                  2    0[COMMON] unsigned int 
 Registers used:
		wreg, status,2, status,0
 Tracked objects:
		On entry : 
		On exit  : 
		Unchanged: 
 Data sizes:     COMMON   BANK0   BANK1   BANK3   BANK2
      Params:         2       0       0       0       0
      Locals:         5       0       0       0       0
      Temps:          2       0       0       0       0
      Totals:         9       0       0       0       0
Total ram usage:        9 bytes
 Hardware stack levels used:    1
 This function calls:
		Nothing
 This function is called by:
		___flmul
 This function uses a non-reentrant model


 *************** function __tdiv_to_l_ *****************
 Defined at:
		line 60 in file "C:\Program Files (x86)\Microchip\xc8\v2.05\pic\sources\c90\common\ftdivl.c"
 Parameters:    Size  Location     Type
  f1              4    0[COMMON] float 
  f2              4    4[COMMON] float 
 Auto vars:     Size  Location     Type
  quot            4    0[BANK0 ] unsigned long 
  exp1            1    5[BANK0 ] unsigned char 
  cntr            1    4[BANK0 ] unsigned char 
 Return value:  Size  Location     Type
                  4    0[COMMON] unsigned long 
 Registers used:
		wreg, status,2, status,0
 Tracked objects:
		On entry : 
		On exit  : 
		Unchanged: 
 Data sizes:     COMMON   BANK0   BANK1   BANK3   BANK2
      Params:         8       0       0       0       0
      Locals:         0       6       0       0       0
      Temps:          4       0       0       0       0
      Totals:        12       6       0       0       0
Total ram usage:       18 bytes
 Hardware stack levels used:    1
 This function calls:
		Nothing
 This function is called by:
		_sprintf
 This function uses a non-reentrant model


 *************** function __div_to_l_ *****************
 Defined at:
		line 60 in file "C:\Program Files (x86)\Microchip\xc8\v2.05\pic\sources\c90\common\fldivl.c"
 Parameters:    Size  Location     Type
  f1              4    0[COMMON] unsigned long 
  f2              4    4[COMMON] unsigned long 
 Auto vars:     Size  Location     Type
  quot            4    0[BANK0 ] unsigned long 
  exp1            1    5[BANK0 ] unsigned char 
  cntr            1    4[BANK0 ] unsigned char 
 Return value:  Size  Location     Type
                  4    0[COMMON] unsigned long 
 Registers used:
		wreg, status,2, status,0
 Tracked objects:
		On entry : 
		On exit  : 
		Unchanged: 
 Data sizes:     COMMON   BANK0   BANK1   BANK3   BANK2
      Params:         8       0       0       0       0
      Locals:         0       6       0       0       0
      Temps:          1       0       0       0       0
      Totals:         9       6       0       0       0
Total ram usage:       15 bytes
 Hardware stack levels used:    1
 This function calls:
		Nothing
 This function is called by:
		_sprintf
 This function uses a non-reentrant model


 *************** function ___xxtofl *****************
 Defined at:
		line 10 in file "C:\Program Files (x86)\Microchip\xc8\v2.05\pic\sources\c90\common\xxtofl.c"
 Parameters:    Size  Location     Type
  sign            1    wreg     unsigned char 
  val             4    0[COMMON] long 
 Auto vars:     Size  Location     Type
  sign            1    8[COMMON] unsigned char 
  arg             4   10[COMMON] unsigned long 
  exp             1    9[COMMON] unsigned char 
 Return value:  Size  Location     Type
                  4    0[COMMON] unsigned char 
 Registers used:
		wreg, status,2, status,0
 Tracked objects:
		On entry : 
		On exit  : 
		Unchanged: 
 Data sizes:     COMMON   BANK0   BANK1   BANK3   BANK2
      Params:         4       0       0       0       0
      Locals:         6       0       0       0       0
      Temps:          4       0       0       0       0
      Totals:        14       0       0       0       0
Total ram usage:       14 bytes
 Hardware stack levels used:    1
 This function calls:
		Nothing
 This function is called by:
		_my_isr_routine
		_sprintf
 This function uses a non-reentrant model


 *************** function ___wmul *****************
 Defined at:
		line 15 in file "C:\Program Files (x86)\Microchip\xc8\v2.05\pic\sources\c90\common\Umul16.c"
 Parameters:    Size  Location     Type
  multiplier      2    0[COMMON] unsigned int 
  multiplicand    2    2[COMMON] unsigned int 
 Auto vars:     Size  Location     Type
  product         2    4[COMMON] unsigned int 
 Return value:  Size  Location     Type
                  2    0[COMMON] unsigned int 
 Registers used:
		wreg, status,2, status,0
 Tracked objects:
		On entry : 
		On exit  : 
		Unchanged: 
 Data sizes:     COMMON   BANK0   BANK1   BANK3   BANK2
      Params:         4       0       0       0       0
      Locals:         2       0       0       0       0
      Temps:          0       0       0       0       0
      Totals:         6       0       0       0       0
Total ram usage:        6 bytes
 Hardware stack levels used:    1
 This function calls:
		Nothing
 This function is called by:
		_sprintf
 This function uses a non-reentrant model


 *************** function ___llmod *****************
 Defined at:
		line 5 in file "C:\Program Files (x86)\Microchip\xc8\v2.05\pic\sources\c90\common\llmod.c"
 Parameters:    Size  Location     Type
  divisor         4    0[COMMON] unsigned long 
  dividend        4    4[COMMON] unsigned long 
 Auto vars:     Size  Location     Type
  counter         1    9[COMMON] unsigned char 
 Return value:  Size  Location     Type
                  4    0[COMMON] unsigned long 
 Registers used:
		wreg, status,2, status,0
 Tracked objects:
		On entry : 
		On exit  : 
		Unchanged: 
 Data sizes:     COMMON   BANK0   BANK1   BANK3   BANK2
      Params:         8       0       0       0       0
      Locals:         1       0       0       0       0
      Temps:          1       0       0       0       0
      Totals:        10       0       0       0       0
Total ram usage:       10 bytes
 Hardware stack levels used:    1
 This function calls:
		Nothing
 This function is called by:
		_sprintf
 This function uses a non-reentrant model


 *************** function ___lldiv *****************
 Defined at:
		line 5 in file "C:\Program Files (x86)\Microchip\xc8\v2.05\pic\sources\c90\common\__lldiv.c"
 Parameters:    Size  Location     Type
  divisor         4    0[COMMON] unsigned long 
  dividend        4    4[COMMON] unsigned long 
 Auto vars:     Size  Location     Type
  quotient        4    9[COMMON] unsigned long 
  counter         1   13[COMMON] unsigned char 
 Return value:  Size  Location     Type
                  4    0[COMMON] unsigned long 
 Registers used:
		wreg, status,2, status,0
 Tracked objects:
		On entry : 
		On exit  : 
		Unchanged: 
 Data sizes:     COMMON   BANK0   BANK1   BANK3   BANK2
      Params:         8       0       0       0       0
      Locals:         5       0       0       0       0
      Temps:          1       0       0       0       0
      Totals:        14       0       0       0       0
Total ram usage:       14 bytes
 Hardware stack levels used:    1
 This function calls:
		Nothing
 This function is called by:
		_sprintf
 This function uses a non-reentrant model


 *************** function ___fltol *****************
 Defined at:
		line 43 in file "C:\Program Files (x86)\Microchip\xc8\v2.05\pic\sources\c90\common\fltol.c"
 Parameters:    Size  Location     Type
  f1              4   49[BANK0 ] unsigned long 
 Auto vars:     Size  Location     Type
  exp1            1   59[BANK0 ] unsigned char 
  sign1           1   58[BANK0 ] unsigned char 
 Return value:  Size  Location     Type
                  4   49[BANK0 ] long 
 Registers used:
		wreg, status,2, status,0
 Tracked objects:
		On entry : 
		On exit  : 
		Unchanged: 
 Data sizes:     COMMON   BANK0   BANK1   BANK3   BANK2
      Params:         0       4       0       0       0
      Locals:         0       2       0       0       0
      Temps:          0       5       0       0       0
      Totals:         0      11       0       0       0
Total ram usage:       11 bytes
 Hardware stack levels used:    1
 This function calls:
		Nothing
 This function is called by:
		_sprintf
 This function uses a non-reentrant model


 *************** function ___flsub *****************
 Defined at:
		line 242 in file "C:\Program Files (x86)\Microchip\xc8\v2.05\pic\sources\c90\common\sprcadd.c"
 Parameters:    Size  Location     Type
  a               4   70[BANK0 ] long 
  b               4   74[BANK0 ] long 
 Auto vars:     Size  Location     Type
		None
 Return value:  Size  Location     Type
                  4   70[BANK0 ] long 
 Registers used:
		wreg, status,2, status,0, btemp+1, pclath, cstack
 Tracked objects:
		On entry : 
		On exit  : 
		Unchanged: 
 Data sizes:     COMMON   BANK0   BANK1   BANK3   BANK2
      Params:         0       8       0       0       0
      Locals:         0       0       0       0       0
      Temps:          0       0       0       0       0
      Totals:         0       8       0       0       0
Total ram usage:        8 bytes
 Hardware stack levels used:    1
 Hardware stack levels required when called:    1
 This function calls:
		___fladd
 This function is called by:
		_sprintf
 This function uses a non-reentrant model


 *************** function ___fladd *****************
 Defined at:
		line 10 in file "C:\Program Files (x86)\Microchip\xc8\v2.05\pic\sources\c90\common\sprcadd.c"
 Parameters:    Size  Location     Type
  b               4   50[BANK0 ] long 
  a               4   54[BANK0 ] long 
 Auto vars:     Size  Location     Type
  grs             1   69[BANK0 ] unsigned char 
  bexp            1   68[BANK0 ] unsigned char 
  aexp            1   67[BANK0 ] unsigned char 
  signs           1   66[BANK0 ] unsigned char 
 Return value:  Size  Location     Type
                  4   50[BANK0 ] unsigned char 
 Registers used:
		wreg, status,2, status,0, btemp+1
 Tracked objects:
		On entry : 
		On exit  : 
		Unchanged: 
 Data sizes:     COMMON   BANK0   BANK1   BANK3   BANK2
      Params:         0       8       0       0       0
      Locals:         0       4       0       0       0
      Temps:          0       8       0       0       0
      Totals:         0      20       0       0       0
Total ram usage:       20 bytes
 Hardware stack levels used:    1
 This function calls:
		Nothing
 This function is called by:
		_my_isr_routine
		_sprintf
		___flsub
 This function uses a non-reentrant model


 *************** function ___flneg *****************
 Defined at:
		line 15 in file "C:\Program Files (x86)\Microchip\xc8\v2.05\pic\sources\c90\common\flneg.c"
 Parameters:    Size  Location     Type
  f1              4    0[COMMON] unsigned char 
 Auto vars:     Size  Location     Type
		None
 Return value:  Size  Location     Type
                  4    0[COMMON] unsigned char 
 Registers used:
		wreg
 Tracked objects:
		On entry : 
		On exit  : 
		Unchanged: 
 Data sizes:     COMMON   BANK0   BANK1   BANK3   BANK2
      Params:         4       0       0       0       0
      Locals:         0       0       0       0       0
      Temps:          0       0       0       0       0
      Totals:         4       0       0       0       0
Total ram usage:        4 bytes
 Hardware stack levels used:    1
 This function calls:
		Nothing
 This function is called by:
		_sprintf
 This function uses a non-reentrant model


 *************** function ___flge *****************
 Defined at:
		line 4 in file "C:\Program Files (x86)\Microchip\xc8\v2.05\pic\sources\c90\common\flge.c"
 Parameters:    Size  Location     Type
  ff1             4    0[COMMON] unsigned char 
  ff2             4    4[COMMON] unsigned char 
 Auto vars:     Size  Location     Type
		None
 Return value:  Size  Location     Type
		None               void
 Registers used:
		wreg, status,2, status,0
 Tracked objects:
		On entry : 
		On exit  : 
		Unchanged: 
 Data sizes:     COMMON   BANK0   BANK1   BANK3   BANK2
      Params:         8       0       0       0       0
      Locals:         0       0       0       0       0
      Temps:          4       0       0       0       0
      Totals:        12       0       0       0       0
Total ram usage:       12 bytes
 Hardware stack levels used:    1
 This function calls:
		Nothing
 This function is called by:
		_sprintf
 This function uses a non-reentrant model


 *************** function ___fleq *****************
 Defined at:
		line 4 in file "C:\Program Files (x86)\Microchip\xc8\v2.05\pic\sources\c90\common\fleq.c"
 Parameters:    Size  Location     Type
  ff1             4    0[COMMON] unsigned char 
  ff2             4    4[COMMON] unsigned char 
 Auto vars:     Size  Location     Type
		None
 Return value:  Size  Location     Type
		None               void
 Registers used:
		wreg, status,2, status,0
 Tracked objects:
		On entry : 
		On exit  : 
		Unchanged: 
 Data sizes:     COMMON   BANK0   BANK1   BANK3   BANK2
      Params:         8       0       0       0       0
      Locals:         0       0       0       0       0
      Temps:          4       0       0       0       0
      Totals:        12       0       0       0       0
Total ram usage:       12 bytes
 Hardware stack levels used:    1
 This function calls:
		Nothing
 This function is called by:
		_my_isr_routine
		_sprintf
 This function uses a non-reentrant model


 *************** function ___fldiv *****************
 Defined at:
		line 8 in file "C:\Program Files (x86)\Microchip\xc8\v2.05\pic\sources\c90\common\sprcdiv.c"
 Parameters:    Size  Location     Type
  a               4   70[BANK0 ] unsigned char 
  b               4   74[BANK0 ] unsigned char 
 Auto vars:     Size  Location     Type
  grs             4   12[BANK1 ] unsigned long 
  rem             4    5[BANK1 ] unsigned long 
  new_exp         2   10[BANK1 ] int 
  aexp            1   17[BANK1 ] unsigned char 
  bexp            1   16[BANK1 ] unsigned char 
  sign            1    9[BANK1 ] unsigned char 
 Return value:  Size  Location     Type
                  4   70[BANK0 ] unsigned char 
 Registers used:
		wreg, status,2, status,0, btemp+1
 Tracked objects:
		On entry : 
		On exit  : 
		Unchanged: 
 Data sizes:     COMMON   BANK0   BANK1   BANK3   BANK2
      Params:         0       8       0       0       0
      Locals:         0       0      13       0       0
      Temps:          0       0       5       0       0
      Totals:         0       8      18       0       0
Total ram usage:       26 bytes
 Hardware stack levels used:    1
 This function calls:
		Nothing
 This function is called by:
		_my_isr_routine
 This function uses a non-reentrant model



MODULE INFORMATION

Module		Function		Class		Link	Load	Size
C:\Program Files (x86)\Microchip\xc8\v2.05\pic\sources\c90\common\doprnt.c
		_scale         		CODE           	0CB7	0000	842
		_sprintf       		CODE           	002A	0000	1389
		_fround        		CODE           	13D0	0000	514

C:\Program Files (x86)\Microchip\xc8\v2.05\pic\sources\c90\common\doprnt.c estimated size: 2745

C:\Program Files (x86)\Microchip\xc8\v2.05\pic\sources\c90\common\sprcadd.c
		___flsub       		CODE           	1B4E	0000	35
		___fladd       		CODE           	15D1	0000	560

C:\Program Files (x86)\Microchip\xc8\v2.05\pic\sources\c90\common\sprcadd.c estimated size: 595

C:\Program Files (x86)\Microchip\xc8\v2.05\pic\sources\c90\common\llmod.c
		___llmod       		CODE           	1DFB	0000	77

C:\Program Files (x86)\Microchip\xc8\v2.05\pic\sources\c90\common\llmod.c estimated size: 77

C:\Program Files (x86)\Microchip\xc8\v2.05\pic\sources\c90\common\awmod.c
		___awmod       		CODE           	1DB0	0000	76

C:\Program Files (x86)\Microchip\xc8\v2.05\pic\sources\c90\common\awmod.c estimated size: 76

./lcd.h
		_lcd_write_char		CODE           	1CDB	0000	68
		_lcd_cmd       		CODE           	1B0D	0000	33
		_lcd_set_cursor		CODE           	1E96	0000	81
		_lcd_clear     		CODE           	10CF	0000	12
		_lcd_port      		CODE           	1B93	0000	47
		_lcd_write_string		CODE           	1E47	0000	80
		_lcd_init      		CODE           	1F9F	0000	98

./lcd.h estimated size: 419

C:\Program Files (x86)\Microchip\xc8\v2.05\pic\sources\c90\common\ftdivl.c
		__tdiv_to_l_   		CODE           	127D	0000	170

C:\Program Files (x86)\Microchip\xc8\v2.05\pic\sources\c90\common\ftdivl.c estimated size: 170

C:\Program Files (x86)\Microchip\xc8\v2.05\pic\sources\c90\common\lwdiv.c
		___lwdiv       		CODE           	1C62	0000	61

C:\Program Files (x86)\Microchip\xc8\v2.05\pic\sources\c90\common\lwdiv.c estimated size: 61

C:\Program Files (x86)\Microchip\xc8\v2.05\pic\sources\c90\common\fltol.c
		___fltol       		CODE           	10DA	0000	110

C:\Program Files (x86)\Microchip\xc8\v2.05\pic\sources\c90\common\fltol.c estimated size: 110

C:\Program Files (x86)\Microchip\xc8\v2.05\pic\sources\c90\common\Umul16.c
		___wmul        		CODE           	1B2D	0000	34

C:\Program Files (x86)\Microchip\xc8\v2.05\pic\sources\c90\common\Umul16.c estimated size: 34

C:\Program Files (x86)\Microchip\xc8\v2.05\pic\sources\c90\common\fldivl.c
		__div_to_l_    		CODE           	1326	0000	171

C:\Program Files (x86)\Microchip\xc8\v2.05\pic\sources\c90\common\fldivl.c estimated size: 171

C:\Program Files (x86)\Microchip\xc8\v2.05\pic\sources\c90\common\flge.c
		___flge        		CODE           	1147	0000	148

C:\Program Files (x86)\Microchip\xc8\v2.05\pic\sources\c90\common\flge.c estimated size: 148

C:\Program Files (x86)\Microchip\xc8\v2.05\pic\sources\c90\common\awdiv.c
		___awdiv       		CODE           	1EE6	0000	92

C:\Program Files (x86)\Microchip\xc8\v2.05\pic\sources\c90\common\awdiv.c estimated size: 92

shared
		i1_lcd_set_cursor		CODE           	1D66	0000	75
		__stringtab    		STRING         	1000	0000	17
		i1_lcd_write_string		CODE           	1C9E	0000	62
		__powers_      		STRING         	1010	0000	53
		_dpowers       		STRING         	1078	0000	41
		__npowers_     		STRING         	1044	0000	53
		__initialization		CODE           	0019	0000	14
		i1_lcd_write_char		CODE           	1C29	0000	58
		i1_lcd_port    		CODE           	1AD9	0000	27
		i1_lcd_cmd     		CODE           	1AF3	0000	27
		i1_lcd_clear   		CODE           	1AC3	0000	12

shared estimated size: 439

C:\Program Files (x86)\Microchip\xc8\v2.05\pic\sources\c90\common\sprcmul.c
		___flmul       		CODE           	09A2	0000	790

C:\Program Files (x86)\Microchip\xc8\v2.05\pic\sources\c90\common\sprcmul.c estimated size: 790

C:\Program Files (x86)\Microchip\xc8\v2.05\pic\sources\c90\common\sprcdiv.c
		___fldiv       		CODE           	0596	0000	604

C:\Program Files (x86)\Microchip\xc8\v2.05\pic\sources\c90\common\sprcdiv.c estimated size: 604

C:\Program Files (x86)\Microchip\xc8\v2.05\pic\sources\c90\common\flneg.c
		___flneg       		CODE           	1ABA	0000	10

C:\Program Files (x86)\Microchip\xc8\v2.05\pic\sources\c90\common\flneg.c estimated size: 10

C:\Program Files (x86)\Microchip\xc8\v2.05\pic\sources\c90\common\Umul8_16.c
		__Umul8_16     		CODE           	1B70	0000	36

C:\Program Files (x86)\Microchip\xc8\v2.05\pic\sources\c90\common\Umul8_16.c estimated size: 36

C:\Program Files (x86)\Microchip\xc8\v2.05\pic\sources\c90\common\xxtofl.c
		___xxtofl      		CODE           	11DA	0000	164

C:\Program Files (x86)\Microchip\xc8\v2.05\pic\sources\c90\common\xxtofl.c estimated size: 164

lcd.c
		_main          		CODE           	1BF3	0000	55
		_init_timer    		CODE           	07F1	0000	13
		_my_isr_routine		CODE           	0800	0000	419
		_adc_init      		CODE           	1ACE	0000	12

lcd.c estimated size: 499

C:\Program Files (x86)\Microchip\xc8\v2.05\pic\sources\c90\common\__lldiv.c
		___lldiv       		CODE           	1F41	0000	95

C:\Program Files (x86)\Microchip\xc8\v2.05\pic\sources\c90\common\__lldiv.c estimated size: 95

C:\Program Files (x86)\Microchip\xc8\v2.05\pic\sources\c90\common\fleq.c
		___fleq        		CODE           	1D1E	0000	73

C:\Program Files (x86)\Microchip\xc8\v2.05\pic\sources\c90\common\fleq.c estimated size: 73

C:\Program Files (x86)\Microchip\xc8\v2.05\pic\sources\c90\common\lwmod.c
		___lwmod       		CODE           	1BC1	0000	51

C:\Program Files (x86)\Microchip\xc8\v2.05\pic\sources\c90\common\lwmod.c estimated size: 51

